
2026/07/30 20:06:59 [31;1mD:/work/go/admin/internal/accessversionqualification/application_worker.go:94 [35;1mrecord not found
[0m[33m[1.923ms] [34;1m[rows:0][0m SELECT * FROM `users` WHERE username = 'avq_18f4d9f4e588d533_w0' ORDER BY `users`.`id` LIMIT 1

2026/07/30 20:06:59 [31;1mD:/work/go/admin/service/access_version.go:69 [35;1mrecord not found
[0m[33m[0.000ms] [34;1m[rows:0][0m SELECT * FROM `user_access_versions` WHERE user_id = 7 ORDER BY `user_access_versions`.`user_id` LIMIT 1 FOR UPDATE

2026/07/30 20:07:00 [31;1mD:/work/go/admin/internal/accessversionqualification/application_worker.go:94 [35;1mrecord not found
[0m[33m[1.011ms] [34;1m[rows:0][0m SELECT * FROM `users` WHERE username = 'avq_18f4d9f4e588d533_w1' ORDER BY `users`.`id` LIMIT 1

2026/07/30 20:07:00 [31;1mD:/work/go/admin/service/access_version.go:69 [35;1mrecord not found
[0m[33m[0.000ms] [34;1m[rows:0][0m SELECT * FROM `user_access_versions` WHERE user_id = 8 ORDER BY `user_access_versions`.`user_id` LIMIT 1 FOR UPDATE

2026/07/30 20:07:00 [31;1mD:/work/go/admin/internal/accessversionqualification/application_worker.go:94 [35;1mrecord not found
[0m[33m[0.000ms] [34;1m[rows:0][0m SELECT * FROM `users` WHERE username = 'avq_18f4d9f4e588d533_w2' ORDER BY `users`.`id` LIMIT 1

2026/07/30 20:07:00 [31;1mD:/work/go/admin/service/access_version.go:69 [35;1mrecord not found
[0m[33m[0.000ms] [34;1m[rows:0][0m SELECT * FROM `user_access_versions` WHERE user_id = 9 ORDER BY `user_access_versions`.`user_id` LIMIT 1 FOR UPDATE

2026/07/30 20:07:00 [31;1mD:/work/go/admin/internal/accessversionqualification/application_worker.go:94 [35;1mrecord not found
[0m[33m[0.000ms] [34;1m[rows:0][0m SELECT * FROM `users` WHERE username = 'avq_18f4d9f4e588d533_w3' ORDER BY `users`.`id` LIMIT 1

2026/07/30 20:07:00 [31;1mD:/work/go/admin/service/access_version.go:69 [35;1mrecord not found
[0m[33m[0.000ms] [34;1m[rows:0][0m SELECT * FROM `user_access_versions` WHERE user_id = 10 ORDER BY `user_access_versions`.`user_id` LIMIT 1 FOR UPDATE

2026/07/30 20:07:00 [31;1mD:/work/go/admin/internal/accessversionqualification/application_worker.go:94 [35;1mrecord not found
[0m[33m[1.001ms] [34;1m[rows:0][0m SELECT * FROM `users` WHERE username = 'avq_18f4d9f4e588d533_w4' ORDER BY `users`.`id` LIMIT 1

2026/07/30 20:07:00 [31;1mD:/work/go/admin/service/access_version.go:69 [35;1mrecord not found
[0m[33m[0.000ms] [34;1m[rows:0][0m SELECT * FROM `user_access_versions` WHERE user_id = 11 ORDER BY `user_access_versions`.`user_id` LIMIT 1 FOR UPDATE

2026/07/30 20:07:00 [31;1mD:/work/go/admin/internal/accessversionqualification/application_worker.go:94 [35;1mrecord not found
[0m[33m[0.000ms] [34;1m[rows:0][0m SELECT * FROM `users` WHERE username = 'avq_18f4d9f4e588d533_w5' ORDER BY `users`.`id` LIMIT 1

2026/07/30 20:07:00 [31;1mD:/work/go/admin/service/access_version.go:69 [35;1mrecord not found
[0m[33m[0.000ms] [34;1m[rows:0][0m SELECT * FROM `user_access_versions` WHERE user_id = 12 ORDER BY `user_access_versions`.`user_id` LIMIT 1 FOR UPDATE

2026/07/30 20:07:00 [31;1mD:/work/go/admin/internal/accessversionqualification/application_worker.go:94 [35;1mrecord not found
[0m[33m[0.000ms] [34;1m[rows:0][0m SELECT * FROM `users` WHERE username = 'avq_18f4d9f4e588d533_w6' ORDER BY `users`.`id` LIMIT 1

2026/07/30 20:07:00 [31;1mD:/work/go/admin/service/access_version.go:69 [35;1mrecord not found
[0m[33m[1.024ms] [34;1m[rows:0][0m SELECT * FROM `user_access_versions` WHERE user_id = 13 ORDER BY `user_access_versions`.`user_id` LIMIT 1 FOR UPDATE

2026/07/30 20:07:00 [31;1mD:/work/go/admin/internal/accessversionqualification/application_worker.go:94 [35;1mrecord not found
[0m[33m[0.000ms] [34;1m[rows:0][0m SELECT * FROM `users` WHERE username = 'avq_18f4d9f4e588d533_w7' ORDER BY `users`.`id` LIMIT 1

2026/07/30 20:07:00 [31;1mD:/work/go/admin/service/access_version.go:69 [35;1mrecord not found
[0m[33m[0.000ms] [34;1m[rows:0][0m SELECT * FROM `user_access_versions` WHERE user_id = 14 ORDER BY `user_access_versions`.`user_id` LIMIT 1 FOR UPDATE

2026/07/30 20:07:00 [31;1mD:/work/go/admin/service/access_version.go:176 [35;1mError 3819 (HY000): Check constraint 'avq_mirror_69bdb1510e176a97' is violated.
[0m[33m[0.000ms] [34;1m[rows:0][0m UPDATE `users` SET `token_version`=1500001000 WHERE id = 7
